// Jest Snapshot v1, https://goo.gl/fbAQLP

exports[`Testing PokemonOptions Debe hacer match con el snapshot 1`] = `
<div class="options-container">
  <ul>
    <li>pikachu</li>
    <li>bulbasaur</li>
    <li>charmander</li>
    <li>mew</li>
  </ul>
</div>
`;
